Benchmark Configuration:
  k:         128
  m:         32
  Set size:  100
  Trials:    10
  Mode:      timing
  Security:  STD128
  Universe: 5000

=== Vary universe size (median of 10 trials) ===
  U=1000 piccard: N=8192 total=18.6526ms err=0.0456989
  U=1000 baseline: N=8192 cts=1 total=18.7078ms err=0
  U=5000 piccard: N=8192 total=18.8093ms err=0.0456989
  U=5000 baseline: N=8192 cts=1 total=18.8037ms err=0
  U=10000 piccard: N=8192 total=18.802ms err=0.0456989
  U=10000 baseline: N=16384 cts=1 total=34.6319ms err=0
  U=50000 piccard: N=8192 total=18.6815ms err=0.0456989
  U=50000 baseline: N=65536 cts=1 total=135.343ms err=0

=== Vary set size (median of 10 trials) ===
  size=50 piccard: total=18.879ms err=0.0537634
  size=50 baseline: total=18.7918ms err=0
  size=100 piccard: total=18.8903ms err=0.0456989
  size=100 baseline: total=19.0582ms err=0
  size=500 piccard: total=19.4713ms err=0.061828
  size=500 baseline: total=18.4962ms err=0
  size=1000 piccard: total=19.3643ms err=0.00537634
  size=1000 baseline: total=19.6156ms err=0
