Benchmark Configuration:
  k:         128
  m:         32
  Set size:  100
  Trials:    10
  Mode:      timing
  Security:  STD192
  Depth:     5

=== Varying k (median of 10 trials) ===
  k=64 d=5 init=3.85546ms ins=5.19481e+06 ops/s del=3.67525e+06 ops/s total=22.7454ms
  k=128 d=5 init=7.54806ms ins=2.72109e+06 ops/s del=1.92001e+06 ops/s total=26.5207ms
  k=256 d=5 init=14.138ms ins=1.46699e+06 ops/s del=985222 ops/s total=33.2429ms
  k=512 d=5 init=27.9784ms ins=738007 ops/s del=497822 ops/s total=62.5339ms
  k=1024 d=5 init=56.5602ms ins=357674 ops/s del=242547 ops/s total=124.703ms

=== Varying depth (median of 10 trials) ===
  d=3 init=7.444ms ins=2.74288e+06 ops/s del=1.92463e+06 ops/s total=26.3899ms
  d=5 init=7.54752ms ins=2.74281e+06 ops/s del=1.92615e+06 ops/s total=26.4671ms
  d=10 init=7.867ms ins=2.7057e+06 ops/s del=1.5554e+06 ops/s total=26.7679ms
  d=20 init=8.45435ms ins=2.7027e+06 ops/s del=1.28687e+06 ops/s total=27.3991ms

=== Varying set size (median of 10 trials) ===
  size=1000 init=0.898834ms total=19.8354ms
  size=10000 init=7.57254ms total=26.5861ms
  size=50000 init=36.9019ms total=55.8568ms
  size=100000 init=73.4876ms total=92.5231ms
  size=500000 init=366.451ms total=387.242ms
  size=1000000 init=732.793ms total=753.762ms

=== Dynamic vs Basic (median of 10 trials) ===
  k=64 dynamic=22.7204ms basic=21.1543ms overhead=1.07x
  k=128 dynamic=26.51ms basic=23.63ms overhead=1.12x
  k=256 dynamic=33.15ms basic=28.51ms overhead=1.16x
  k=512 dynamic=62.47ms basic=57.16ms overhead=1.09x
  k=1024 dynamic=123.88ms basic=106.06ms overhead=1.17x
