Benchmark Configuration:
  k:         128
  m:         32
  Set size:  100
  Trials:    10
  Mode:      timing
  Security:  STD128
  Depth:     5

=== Varying k (median of 10 trials) ===
  k=64 d=5 init=3.88056ms ins=5.12821e+06 ops/s del=3.62529e+06 ops/s total=22.8013ms
  k=128 d=5 init=7.57981ms ins=2.72725e+06 ops/s del=1.91847e+06 ops/s total=26.9052ms
  k=256 d=5 init=14.1326ms ins=1.46789e+06 ops/s del=985630 ops/s total=33.133ms
  k=512 d=5 init=27.9228ms ins=730151 ops/s del=497822 ops/s total=62.812ms
  k=1024 d=5 init=56.8475ms ins=369004 ops/s del=252154 ops/s total=124.515ms

=== Varying depth (median of 10 trials) ===
  d=3 init=7.47127ms ins=2.74597e+06 ops/s del=1.83348e+06 ops/s total=26.312ms
  d=5 init=7.57065ms ins=2.74914e+06 ops/s del=1.82232e+06 ops/s total=26.5339ms
  d=10 init=7.88629ms ins=2.67852e+06 ops/s del=1.5625e+06 ops/s total=26.9356ms
  d=20 init=8.46867ms ins=2.7027e+06 ops/s del=1.28548e+06 ops/s total=27.3895ms

=== Varying set size (median of 10 trials) ===
  size=1000 init=0.907791ms total=19.9534ms
  size=10000 init=7.57608ms total=26.7008ms
  size=50000 init=36.8916ms total=55.9163ms
  size=100000 init=73.6772ms total=92.7618ms
  size=500000 init=367.372ms total=387.829ms
  size=1000000 init=736.396ms total=755.896ms

=== Dynamic vs Basic (median of 10 trials) ===
  k=64 dynamic=22.8281ms basic=20.9931ms overhead=1.09x
  k=128 dynamic=26.86ms basic=23.62ms overhead=1.14x
  k=256 dynamic=33.32ms basic=28.27ms overhead=1.18x
  k=512 dynamic=62.92ms basic=53.20ms overhead=1.18x
  k=1024 dynamic=124.02ms basic=109.56ms overhead=1.13x
