Benchmark Configuration:
  k:         128
  m:         32
  Set size:  100
  Trials:    10
  Mode:      timing
  Security:  STD128

=== Varying k (median of 10 trials) ===
  k=64 N=8192 time=19.4655ms (mul=3.1416 rot=10.3686) ct=263011B J_hat=0.274194 err=0.0591398
  k=128 N=8192 time=18.7298ms (mul=2.97154 rot=9.95502) ct=263011B J_hat=0.346774 err=0.0134409
  k=256 N=8192 time=18.8776ms (mul=2.96515 rot=10.0145) ct=263011B J_hat=0.346774 err=0.0134409
  k=512 N=16384 time=34.6642ms (mul=4.78229 rot=18.4785) ct=525155B J_hat=0.306452 err=0.0268817
  k=1024 N=32768 time=67.0183ms (mul=8.55835 rot=36.1558) ct=1049443B J_hat=0.3125 err=0.0208333

=== Varying m (median of 10 trials) ===
  m=16 N=8192 time=18.7758ms (mul=2.93792 rot=10.0098) ct=263011B err=0
  m=32 N=8192 time=19.5734ms (mul=3.09202 rot=10.5064) ct=263011B err=0.0134409
  m=64 N=8192 time=19.4574ms (mul=3.08033 rot=10.4429) ct=263011B err=0
  m=128 N=16384 time=35.3181ms (mul=5.00437 rot=18.9942) ct=525155B err=0.00262467
  m=256 N=32768 time=68.7987ms (mul=8.90808 rot=37.562) ct=1049443B err=0.00784314

=== Varying set size (median of 10 trials) ===
  size=1000 time=20.171ms (minhash=0.493834 enc=5.59831 mul=3.14365 rot=10.5722) err=0.0134409
  size=10000 time=24.4915ms (minhash=4.96927 enc=5.59617 mul=3.11688 rot=10.463) err=0.0537634
  size=50000 time=44.6452ms (minhash=24.9588 enc=5.70504 mul=3.10317 rot=10.5667) err=0.0134409
  size=100000 time=69.7098ms (minhash=49.8685 enc=5.72429 mul=3.14092 rot=10.6006) err=0.110215
  size=500000 time=263.917ms (minhash=243.801 enc=6.04021 mul=3.23869 rot=10.3484) err=0.00537634
  size=1000000 time=519.44ms (minhash=499.38 enc=5.79083 mul=3.15088 rot=10.6512) err=0.0134409

=== ZLG+24 comparison ===
  (No reference data configured. Fill kZLG24Data with published numbers from ZLG+24.)
