Benchmark Configuration:
  k:         128
  m:         32
  Set size:  100
  Trials:    10
  Mode:      timing
  Security:  STD192

=== Varying k (median of 10 trials) ===
  k=64 N=16384 time=18.9288ms (mul=2.94946 rot=10.0799) ct=263011B J_hat=0.274194 err=0.0591398
  k=128 N=16384 time=19.2082ms (mul=3.04929 rot=10.2304) ct=263011B J_hat=0.346774 err=0.0134409
  k=256 N=16384 time=19.344ms (mul=3.13429 rot=10.2752) ct=263011B J_hat=0.346774 err=0.0134409
  k=512 N=16384 time=35.176ms (mul=4.9126 rot=18.7411) ct=525155B J_hat=0.306452 err=0.0268817
  k=1024 N=32768 time=67.9944ms (mul=8.66192 rot=36.9577) ct=1049443B J_hat=0.3125 err=0.0208333

=== Varying m (median of 10 trials) ===
  m=16 N=16384 time=19.4798ms (mul=3.10115 rot=10.3258) ct=263011B err=0
  m=32 N=16384 time=19.4681ms (mul=3.09542 rot=10.3912) ct=263011B err=0.0134409
  m=64 N=16384 time=19.0738ms (mul=3.00702 rot=10.0835) ct=263011B err=0
  m=128 N=16384 time=34.7063ms (mul=4.85906 rot=18.6138) ct=525155B err=0.00262467
  m=256 N=32768 time=67.0721ms (mul=8.70148 rot=36.1837) ct=1049443B err=0.00784314

=== Varying set size (median of 10 trials) ===
  size=1000 time=19.2327ms (minhash=0.480229 enc=5.46692 mul=2.91902 rot=10.032) err=0.0134409
  size=10000 time=23.8547ms (minhash=4.92719 enc=5.49662 mul=2.92881 rot=10.1072) err=0.0537634
  size=50000 time=43.024ms (minhash=24.0921 enc=5.55063 mul=2.913 rot=10.0305) err=0.0134409
  size=100000 time=67.7186ms (minhash=48.8295 enc=5.58854 mul=2.9439 rot=10.0652) err=0.110215
  size=500000 time=264.387ms (minhash=244.524 enc=5.7136 mul=3.07481 rot=10.3026) err=0.00537634
  size=1000000 time=510.915ms (minhash=490.767 enc=5.88556 mul=3.16854 rot=10.3139) err=0.0134409

=== ZLG+24 comparison ===
  (No reference data configured. Fill kZLG24Data with published numbers from ZLG+24.)
