Benchmark Configuration:
  k:         128
  m:         32
  Set size:  100
  Trials:    10
  Mode:      timing
  Security:  STD128
  Max k:     128

=== Varying k (median of 10 trials) ===
  k=16 tau=8 depth=7 N=16384 poly_eval=62.4621ms total=129.052ms
  k=32 tau=16 depth=9 N=16384 poly_eval=111.452ms total=192.325ms
  k=64 tau=32 depth=12 N=32768 poly_eval=419.802ms total=627.691ms
  k=128 tau=64 depth=15 N=32768 poly_eval=903.384ms total=1247.02ms

=== Varying tau (median of 10 trials) ===
  tau=1 poly_eval=399.25ms total=600.668ms correct=1
  tau=16 poly_eval=408.198ms total=612.637ms correct=1
  tau=32 poly_eval=439.932ms total=693.995ms correct=1
  tau=48 poly_eval=480.351ms total=748.657ms correct=1
  tau=64 poly_eval=479.048ms total=748.036ms correct=1

=== Threshold vs Basic ===
  k=16 threshold=135.802ms basic=19.9332ms overhead=6.8x
  k=32 threshold=214.7ms basic=19.3ms overhead=11.1x
  k=64 threshold=599.1ms basic=19.4ms overhead=30.9x
  k=128 threshold=1226.3ms basic=19.3ms overhead=63.6x
