Benchmark Configuration:
  k:         128
  m:         32
  Set size:  500
  Trials:    50
  Mode:      accuracy
  Security:  STD192
  Universe: 262144

=== Accuracy comparison ===
  overlap=0 piccard_err=0 baseline_err=0
  overlap=0.1 piccard_err=0.0441426 baseline_err=0
  overlap=0.2 piccard_err=0.0824373 baseline_err=0
  overlap=0.3 piccard_err=0.113852 baseline_err=0
  overlap=0.4 piccard_err=0.0887097 baseline_err=0
  overlap=0.5 piccard_err=0.061828 baseline_err=0
  overlap=0.6 piccard_err=0.0391705 baseline_err=0
  overlap=0.7 piccard_err=0.0260546 baseline_err=0
  overlap=0.8 piccard_err=0.00268817 baseline_err=0
  overlap=0.9 piccard_err=0.0601173 baseline_err=0
  overlap=1 piccard_err=0 baseline_err=0
