Benchmark Configuration:
  k:         128
  m:         32
  Set size:  500
  Trials:    10
  Mode:      timing
  Security:  STD192
  Universe: 262144

=== Vary universe size (median of 10 trials) ===
  U=1024 piccard: N=8192 total=18.9432ms err=0.061828
  U=1024 baseline: N=16384 cts=1 total=34.4012ms err=0
  U=4096 piccard: N=8192 total=18.9717ms err=0.061828
  U=4096 baseline: N=16384 cts=1 total=34.3245ms err=0
  U=16384 piccard: N=8192 total=19.0413ms err=0.061828
  U=16384 baseline: N=16384 cts=1 total=34.3797ms err=0
  U=65536 piccard: N=8192 total=18.956ms err=0.061828
  U=65536 baseline: N=65536 cts=1 total=135.25ms err=0
  U=262144 piccard: N=8192 total=18.9682ms err=0.061828
  U=262144 baseline: N=262144 cts=1 total=606.824ms err=0
  U=524288 piccard: N=8192 total=21.8919ms err=0.061828
  U=524288 baseline: N=524288 cts=1 total=1298.99ms err=0
  U=1048576 piccard: N=8192 total=21.3174ms err=0.061828
  U=1048576 baseline: N=1048576 cts=1 total=2735.23ms err=0

=== Vary set size (median of 10 trials) ===
  size=100 piccard: total=21.0872ms err=0.0456989
  size=100 baseline: total=599.629ms err=0
  size=500 piccard: total=21.3689ms err=0.061828
  size=500 baseline: total=599.301ms err=0
  size=1000 piccard: total=21.5129ms err=0.00537634
  size=1000 baseline: total=598.596ms err=0
  size=5000 piccard: total=23.5135ms err=0.061828
  size=5000 baseline: total=598.547ms err=0
  size=10000 piccard: total=25.7852ms err=0.0134409
  size=10000 baseline: total=599.449ms err=0
  size=50000 piccard: total=43.1513ms err=0.0134409
  size=50000 baseline: total=595.342ms err=0
  size=100000 piccard: total=67.2196ms err=0.134409
  size=100000 baseline: total=599.241ms err=0
