Benchmark Configuration:
  k:         128
  m:         32
  Set size:  100
  Trials:    10
  Mode:      timing
  Security:  STD128

=== Varying k (median of 10 trials) ===
  k=64 N=8192 time=18.8826ms (mul=2.91644 rot=10.1131) ct=263011B J_hat=0.274194 err=0.0591398
  k=128 N=8192 time=19.0238ms (mul=2.944 rot=10.2006) ct=263011B J_hat=0.346774 err=0.0134409
  k=256 N=8192 time=18.8786ms (mul=2.90938 rot=10.0555) ct=263011B J_hat=0.346774 err=0.0134409
  k=512 N=16384 time=35.1339ms (mul=4.87635 rot=18.6776) ct=525155B J_hat=0.306452 err=0.0268817
  k=1024 N=32768 time=67.0416ms (mul=8.48321 rot=36.1566) ct=1049443B J_hat=0.3125 err=0.0208333

=== Varying m (median of 10 trials) ===
  m=16 N=8192 time=18.8447ms (mul=2.90381 rot=10.0674) ct=263011B err=0
  m=32 N=8192 time=18.8447ms (mul=2.89404 rot=10.0576) ct=263011B err=0.0134409
  m=64 N=8192 time=18.8499ms (mul=2.91875 rot=10.0515) ct=263011B err=0
  m=128 N=16384 time=34.4805ms (mul=4.84238 rot=18.5401) ct=525155B err=0.00262467
  m=256 N=32768 time=66.6879ms (mul=8.50242 rot=36.1734) ct=1049443B err=0.00784314

=== Varying set size (median of 10 trials) ===
  size=1000 time=19.2132ms (minhash=0.479625 enc=5.48683 mul=2.89331 rot=10.0375) err=0.0134409
  size=10000 time=23.5984ms (minhash=4.8209 enc=5.49281 mul=2.87713 rot=10.0125) err=0.0537634
  size=50000 time=43.0105ms (minhash=24.0806 enc=5.57677 mul=2.9469 rot=10.0557) err=0.0134409
  size=100000 time=69.0692ms (minhash=50.1571 enc=5.59427 mul=2.91781 rot=10.1199) err=0.110215
  size=500000 time=262.22ms (minhash=241.555 enc=6.09631 mul=3.53365 rot=10.5194) err=0.00537634
  size=1000000 time=506.08ms (minhash=484.999 enc=6.18521 mul=3.57185 rot=10.6254) err=0.0134409

=== ZLG+24 comparison ===
  (No reference data configured. Fill kZLG24Data with published numbers from ZLG+24.)
