Benchmark Configuration:
  k:         128
  m:         32
  Set size:  100
  Trials:    10
  Mode:      timing
  Security:  STD192

=== Varying k (median of 10 trials) ===
  k=64 N=16384 time=18.8048ms (mul=2.9261 rot=10.0237) ct=263011B J_hat=0.274194 err=0.0591398
  k=128 N=16384 time=18.887ms (mul=2.91133 rot=10.0873) ct=263011B J_hat=0.346774 err=0.0134409
  k=256 N=16384 time=20.0509ms (mul=3.12952 rot=10.7172) ct=263011B J_hat=0.346774 err=0.0134409
  k=512 N=16384 time=34.4893ms (mul=4.80196 rot=18.3722) ct=525155B J_hat=0.306452 err=0.0268817
  k=1024 N=32768 time=67.1792ms (mul=8.53373 rot=36.2717) ct=1049443B J_hat=0.3125 err=0.0208333

=== Varying m (median of 10 trials) ===
  m=16 N=16384 time=19.5102ms (mul=3.05002 rot=10.4107) ct=263011B err=0
  m=32 N=16384 time=19.2617ms (mul=3.05088 rot=10.2624) ct=263011B err=0.0134409
  m=64 N=16384 time=18.9126ms (mul=2.92485 rot=10.1414) ct=263011B err=0
  m=128 N=16384 time=34.1893ms (mul=4.81277 rot=18.28) ct=525155B err=0.00262467
  m=256 N=32768 time=66.7208ms (mul=8.47108 rot=36.1333) ct=1049443B err=0.00784314

=== Varying set size (median of 10 trials) ===
  size=1000 time=19.3484ms (minhash=0.479209 enc=5.48515 mul=2.91954 rot=10.0812) err=0.0134409
  size=10000 time=23.5775ms (minhash=4.80431 enc=5.48854 mul=2.91723 rot=10.0256) err=0.0537634
  size=50000 time=42.9339ms (minhash=24.0799 enc=5.54375 mul=2.89673 rot=10.0746) err=0.0134409
  size=100000 time=67.2251ms (minhash=48.2361 enc=5.55556 mul=2.90637 rot=10.1455) err=0.110215
  size=500000 time=262.145ms (minhash=241.592 enc=6.04683 mul=3.43115 rot=10.44) err=0.00537634
  size=1000000 time=503.731ms (minhash=483.1 enc=5.7531 mul=3.08733 rot=10.3237) err=0.0134409

=== ZLG+24 comparison ===
  (No reference data configured. Fill kZLG24Data with published numbers from ZLG+24.)
