============================================================
  Piccard Benchmark Suite
  Fri Feb 27 10:41:34 KST 2026
  Security: STD128 | Trials: 10 | Tag: paper
  Output:   /Users/heewonchung/Documents/00-Research/active/Private Jaccard with FHE/Dev/results/2026-02-27_104134_paper
============================================================

Date:     2026-02-27T01:41:34Z
Hostname: GoM-MacBook-Air.local
OS:       Darwin 25.3.0 arm64
CPU:      Apple M4
Cores:    10
RAM:      24 GB
Compiler: Apple clang version 17.0.0 (clang-1700.6.3.2)
OpenFHE:  unknown
Build:    Release -O3
Security: STD128
Trials:   10

------------------------------------------------------------
  Running: Piccard timing
  Command: bench_piccard --mode=timing --security=STD128 --trials=10
------------------------------------------------------------
Benchmark Configuration:
  k:         128
  m:         32
  Set size:  100
  Trials:    10
  Mode:      timing
  Security:  STD128

=== Varying k (median of 10 trials) ===
  k=64 N=8192 time=11.1861ms (mul=1.72354 rot=6.13373) ct=263011B J_hat=0.274194 err=0.0591398
  k=128 N=8192 time=11.0743ms (mul=1.73585 rot=6.02669) ct=263011B J_hat=0.346774 err=0.0134409
  k=256 N=8192 time=11.2781ms (mul=1.70917 rot=6.1319) ct=263011B J_hat=0.346774 err=0.0134409
  k=512 N=16384 time=21.7597ms (mul=3.04712 rot=11.9424) ct=525155B J_hat=0.306452 err=0.0268817

=== Varying m (median of 10 trials) ===
  m=16 N=8192 time=11.448ms (mul=1.72592 rot=6.25817) ct=263011B err=0
  m=32 N=8192 time=11.3976ms (mul=1.72002 rot=6.22615) ct=263011B err=0.0134409
  m=64 N=8192 time=11.4139ms (mul=1.72302 rot=6.17929) ct=263011B err=0
  m=128 N=16384 time=21.5471ms (mul=3.02623 rot=11.7942) ct=525155B err=0.00262467

=== Varying set size (median of 10 trials) ===
  size=100 time=11.3274ms (minhash=0.0278955 enc=3.18206 mul=1.68958 rot=6.18142) err=0.0134409
  size=1000 time=11.6404ms (minhash=0.292625 enc=3.21594 mul=1.70158 rot=6.22625) err=0.0134409
  size=10000 time=14.2387ms (minhash=2.93312 enc=3.1805 mul=1.74408 rot=6.19342) err=0.0537634

=== ZLG+24 comparison ===
  (No reference data configured. Fill kZLG24Data with published numbers from ZLG+24.)
  Done in 2s -> piccard_timing.csv

------------------------------------------------------------
  Running: Piccard accuracy
  Command: bench_piccard --mode=accuracy --security=STD128 --trials=10
------------------------------------------------------------
Benchmark Configuration:
  k:         128
  m:         32
  Set size:  100
  Trials:    10
  Mode:      accuracy
  Security:  STD128

=== Accuracy ===
  overlap=0 avg_error=0
  overlap=0.1 avg_error=0.0360781
  overlap=0.25 avg_error=0.0103687
  overlap=0.5 avg_error=0.0134409
  overlap=0.75 avg_error=0.0693548
  overlap=0.9 avg_error=0.0124633
  overlap=1 avg_error=0
  Done in 1s -> piccard_accuracy.csv

------------------------------------------------------------
  Running: Comparison timing (Piccard vs Baseline)
  Command: bench_comparison --mode=timing --security=STD128 --trials=10
------------------------------------------------------------
