Benchmark Configuration:
  k:         128
  m:         64
  Set size:  1000
  Trials:    10
  Mode:      spec
  Security:  STD128
  Seed:      20260729
  Overlap:   0.3
  Acc trials:100
  Hash rand: resampled
  Transcript stat bits: 40
  Max queries: 1048576
  Profile:    legacy (legacy)
  Evidence point: no
  Target Jaccard: 0.5

=== u_tau spec dump ===
  k=16 depth=7->9 N=16384 log2q=360
  k=32 depth=9->11 N=16384 log2q=432
  k=64 depth=12->14 N=32768 log2q=520
  k=128 depth=15->16 N=32768 log2q=630
  k=256 depth=21->22 N=32768 log2q=810
  k=512 SKIPPED: missing threshold legacy calibration for threshold / STD128 / requested N 32768 / natural depth 30
