Benchmark Configuration:
  k:         128
  m:         32
  Set size:  500
  Trials:    10
  Mode:      timing
  Security:  STD128
  Universe: 10000

=== Vary universe size (median of 10 trials) ===
  U=1024 piccard: N=8192 total=19.0695ms err=0.061828
  U=1024 baseline: N=8192 cts=1 total=18.8334ms err=0
  U=4096 piccard: N=8192 total=18.9186ms err=0.061828
  U=4096 baseline: N=8192 cts=1 total=18.802ms err=0
  U=8192 piccard: N=8192 total=18.9257ms err=0.061828
  U=8192 baseline: N=8192 cts=1 total=18.7304ms err=0
  U=16384 piccard: N=8192 total=19.0215ms err=0.061828
  U=16384 baseline: N=16384 cts=1 total=34.4011ms err=0
  U=32768 piccard: N=8192 total=19.0447ms err=0.061828
  U=32768 baseline: N=32768 cts=1 total=66.9275ms err=0
  U=65536 piccard: N=8192 total=18.9414ms err=0.061828
  U=65536 baseline: N=65536 cts=1 total=135.12ms err=0

=== Vary set size (median of 10 trials) ===
  size=100 piccard: total=18.8088ms err=0.0456989
  size=100 baseline: total=34.9253ms err=0
  size=500 piccard: total=19.1788ms err=0.061828
  size=500 baseline: total=34.4532ms err=0
  size=1000 piccard: total=19.3272ms err=0.00537634
  size=1000 baseline: total=34.4561ms err=0
  size=5000 piccard: total=21.2175ms err=0.061828
  size=5000 baseline: total=34.4763ms err=0
