============================================================
  Piccard Benchmark Suite
  Fri Feb 27 11:25:19 KST 2026
  Security: STD128 | Trials: 10 | Tag: paper
  Output:   /Users/heewonchung/Documents/00-Research/active/Private Jaccard with FHE/Dev/results/2026-02-27_112519_paper
============================================================

Date:     2026-02-27T02:25:19Z
Hostname: GoM-MacStudioM1.local
OS:       Darwin 25.3.0 arm64
CPU:      Apple M1 Max
Cores:    10
RAM:      64 GB
Compiler: Apple clang version 17.0.0 (clang-1700.0.13.5)
OpenFHE:  unknown
Build:    Release -O3
Security: STD128
Trials:   10

------------------------------------------------------------
  Running: Piccard timing
  Command: bench_piccard --mode=timing --security=STD128 --trials=10
------------------------------------------------------------
Benchmark Configuration:
  k:         128
  m:         32
  Set size:  100
  Trials:    10
  Mode:      timing
  Security:  STD128

=== Varying k (median of 10 trials) ===
  k=64 N=8192 time=18.7494ms (mul=2.93417 rot=10.0097) ct=263011B J_hat=0.274194 err=0.0591398
  k=128 N=8192 time=18.837ms (mul=2.96779 rot=9.98546) ct=263011B J_hat=0.346774 err=0.0134409
  k=256 N=8192 time=18.9061ms (mul=2.91894 rot=10.0292) ct=263011B J_hat=0.346774 err=0.0134409
  k=512 N=16384 time=34.5913ms (mul=4.84215 rot=18.481) ct=525155B J_hat=0.306452 err=0.0268817

=== Varying m (median of 10 trials) ===
  m=16 N=8192 time=18.7685ms (mul=2.91981 rot=9.97996) ct=263011B err=0
  m=32 N=8192 time=18.7226ms (mul=2.88696 rot=9.98337) ct=263011B err=0.0134409
  m=64 N=8192 time=18.825ms (mul=2.9026 rot=10.0392) ct=263011B err=0
  m=128 N=16384 time=34.5497ms (mul=4.86677 rot=18.4893) ct=525155B err=0.00262467

=== Varying set size (median of 10 trials) ===
  size=100 time=18.8087ms (minhash=0.0482085 enc=5.46663 mul=2.92442 rot=10.0251) err=0.0134409
  size=1000 time=19.2269ms (minhash=0.480208 enc=5.44998 mul=2.89785 rot=10.0446) err=0.0134409
  size=10000 time=23.6208ms (minhash=4.80506 enc=5.50719 mul=2.93012 rot=10.0221) err=0.0537634

=== ZLG+24 comparison ===
  (No reference data configured. Fill kZLG24Data with published numbers from ZLG+24.)
  Done in 3s -> piccard_timing.csv

------------------------------------------------------------
  Running: Piccard accuracy
  Command: bench_piccard --mode=accuracy --security=STD128 --trials=10
------------------------------------------------------------
Benchmark Configuration:
  k:         128
  m:         32
  Set size:  100
  Trials:    10
  Mode:      accuracy
  Security:  STD128

=== Accuracy ===
  overlap=0 avg_error=0
  overlap=0.1 avg_error=0.0360781
  overlap=0.25 avg_error=0.0103687
  overlap=0.5 avg_error=0.0134409
  overlap=0.75 avg_error=0.0693548
  overlap=0.9 avg_error=0.0124633
  overlap=1 avg_error=0
  Done in 2s -> piccard_accuracy.csv

------------------------------------------------------------
  Running: Comparison timing (Piccard vs Baseline)
  Command: bench_comparison --mode=timing --security=STD128 --trials=10
------------------------------------------------------------
Benchmark Configuration:
  k:         128
  m:         32
  Set size:  500
  Trials:    10
  Mode:      timing
  Security:  STD128
  Universe: 10000

=== Vary universe size (median of 10 trials) ===
  U=1024 piccard: N=8192 total=19.0695ms err=0.061828
  U=1024 baseline: N=8192 cts=1 total=18.8334ms err=0
  U=4096 piccard: N=8192 total=18.9186ms err=0.061828
  U=4096 baseline: N=8192 cts=1 total=18.802ms err=0
  U=8192 piccard: N=8192 total=18.9257ms err=0.061828
  U=8192 baseline: N=8192 cts=1 total=18.7304ms err=0
  U=16384 piccard: N=8192 total=19.0215ms err=0.061828
  U=16384 baseline: N=16384 cts=1 total=34.4011ms err=0
  U=32768 piccard: N=8192 total=19.0447ms err=0.061828
  U=32768 baseline: N=32768 cts=1 total=66.9275ms err=0
  U=65536 piccard: N=8192 total=18.9414ms err=0.061828
  U=65536 baseline: N=65536 cts=1 total=135.12ms err=0

=== Vary set size (median of 10 trials) ===
  size=100 piccard: total=18.8088ms err=0.0456989
  size=100 baseline: total=34.9253ms err=0
  size=500 piccard: total=19.1788ms err=0.061828
  size=500 baseline: total=34.4532ms err=0
  size=1000 piccard: total=19.3272ms err=0.00537634
  size=1000 baseline: total=34.4561ms err=0
  size=5000 piccard: total=21.2175ms err=0.061828
  size=5000 baseline: total=34.4763ms err=0
  Done in 7s -> comparison_timing.csv

------------------------------------------------------------
  Running: Comparison accuracy (Piccard vs Baseline)
  Command: bench_comparison --mode=accuracy --security=STD128 --trials=10
------------------------------------------------------------
Benchmark Configuration:
  k:         128
  m:         32
  Set size:  500
  Trials:    10
  Mode:      accuracy
  Security:  STD128
  Universe: 10000

=== Accuracy comparison ===
  overlap=0 piccard_err=0 baseline_err=0
  overlap=0.1 piccard_err=0.0441426 baseline_err=0
  overlap=0.25 piccard_err=0.107143 baseline_err=0
  overlap=0.5 piccard_err=0.061828 baseline_err=0
  overlap=0.75 piccard_err=0.0209677 baseline_err=0
  overlap=0.9 piccard_err=0.0601173 baseline_err=0
  overlap=1 piccard_err=0 baseline_err=0
  Done in 4s -> comparison_accuracy.csv

============================================================
  All benchmarks complete.
  Results: /Users/heewonchung/Documents/00-Research/active/Private Jaccard with FHE/Dev/results/2026-02-27_112519_paper

  Files:
    comparison_accuracy.csv  (     141 lines)
    comparison_timing.csv  (      21 lines)
    piccard_accuracy.csv  (      71 lines)
    piccard_timing.csv  (      12 lines)

  System info: /Users/heewonchung/Documents/00-Research/active/Private Jaccard with FHE/Dev/results/2026-02-27_112519_paper/system_info.txt
  Full log:    /Users/heewonchung/Documents/00-Research/active/Private Jaccard with FHE/Dev/results/2026-02-27_112519_paper/run.log
============================================================

============================================================
  Generating summary tables...
============================================================

======================================================================
  System Information
======================================================================
Date:     2026-02-27T02:25:19Z
Hostname: GoM-MacStudioM1.local
OS:       Darwin 25.3.0 arm64
CPU:      Apple M1 Max
Cores:    10
RAM:      64 GB
Compiler: Apple clang version 17.0.0 (clang-1700.0.13.5)
OpenFHE:  unknown
Build:    Release -O3
Security: STD128
Trials:   10


======================================================================
  Table 1: Piccard Timing — Parameter Sensitivity
======================================================================
            Label    k    m      N  MinHash  Encode  Encrypt  Multiply  RotSum  Decrypt  Total (ms)   CT Size
-------------------------------------------------------------------------------------------------------------
        vary_k_64   64   32   8192    0.024   0.002      5.4       2.9    10.0    0.331        18.7  256.8 KB
       vary_k_128  128   32   8192    0.048   0.002      5.5       3.0    10.0    0.338        18.8  256.8 KB
       vary_k_256  256   32   8192    0.096   0.003      5.5       2.9    10.0    0.342        18.9  256.8 KB
       vary_k_512  512   32  16384    0.190   0.005     10.5       4.8    18.5    0.582        34.6  512.8 KB
        vary_m_16  128   16   8192    0.048   0.003      5.5       2.9    10.0    0.333        18.8  256.8 KB
        vary_m_32  128   32   8192    0.048   0.002      5.5       2.9    10.0    0.333        18.7  256.8 KB
        vary_m_64  128   64   8192    0.048   0.002      5.5       2.9    10.0    0.341        18.8  256.8 KB
       vary_m_128  128  128  16384    0.048   0.003     10.5       4.9    18.5    0.589        34.5  512.8 KB
    vary_size_100  128   32   8192    0.048   0.003      5.5       2.9    10.0    0.344        18.8  256.8 KB
   vary_size_1000  128   32   8192    0.480   0.002      5.5       2.9    10.0    0.336        19.2  256.8 KB
  vary_size_10000  128   32   8192      4.8   0.002      5.5       2.9    10.0    0.342        23.6  256.8 KB

======================================================================
  Table 2: Piccard vs Baseline — Varying Universe Size
======================================================================
  U_set    Method      N  #CTs  Encode  Encrypt  Compute  Decrypt  Total (ms)   CT Size      Error  Speedup
-----------------------------------------------------------------------------------------------------------
   1024   Piccard   8192     1   0.246      5.5     13.0    0.339        19.1  256.8 KB     0.0618         
         Baseline   8192     1   0.035      5.5     12.9    0.349        18.8  256.8 KB  0 (exact)     1.0x
   4096   Piccard   8192     1   0.244      5.4     12.9    0.338        18.9  256.8 KB     0.0618         
         Baseline   8192     1   0.035      5.5     12.9    0.339        18.8  256.8 KB  0 (exact)     1.0x
   8192   Piccard   8192     1   0.242      5.5     12.9    0.334        18.9  256.8 KB     0.0618         
         Baseline   8192     1   0.033      5.5     12.9    0.341        18.7  256.8 KB  0 (exact)     1.0x
  16384   Piccard   8192     1   0.242      5.5     13.0    0.338        19.0  256.8 KB     0.0618         
         Baseline  16384     1   0.062     10.5     23.3    0.593        34.4  512.8 KB  0 (exact)     1.8x
  32768   Piccard   8192     1   0.242      5.5     12.9    0.343        19.0  256.8 KB     0.0618         
         Baseline  32768     1   0.070     20.9     44.9      1.1        66.9    1.0 MB  0 (exact)     3.5x
  65536   Piccard   8192     1   0.242      5.5     12.9    0.340        18.9  256.8 KB     0.0618         
         Baseline  65536     1   0.090     41.8     90.8      2.3       135.1    2.0 MB  0 (exact)     7.1x

======================================================================
  Table 3: Piccard vs Baseline — Varying Set Size
======================================================================
   |S|    Method  Encode  Encrypt  Compute  Decrypt  Total (ms)      Error
--------------------------------------------------------------------------
   100   Piccard   0.051      5.5     12.9    0.337        18.8     0.0457
        Baseline   0.062     10.7     23.6    0.594        34.9  0 (exact)
   500   Piccard   0.245      5.5     13.0    0.348        19.2     0.0618
        Baseline   0.056     10.5     23.3    0.584        34.5  0 (exact)
  1000   Piccard   0.485      5.5     13.0    0.348        19.3     0.0054
        Baseline   0.059     10.5     23.3    0.578        34.5  0 (exact)
  5000   Piccard     2.4      5.5     13.0    0.342        21.2     0.0618
        Baseline   0.052     10.5     23.3    0.587        34.5  0 (exact)

======================================================================
  Table 4: Accuracy — Piccard vs Baseline
======================================================================
   Overlap  J_true  Piccard J  Piccard Err  Baseline J  Baseline Err
--------------------------------------------------------------------
  0.000000  0.0000     0.0000    0 (exact)      0.0000     0 (exact)
  0.100000  0.0526     0.0968       0.0441      0.0526     0 (exact)
  0.250000  0.1429     0.2500       0.1071      0.1429     0 (exact)
  0.500000  0.3333     0.3952       0.0618      0.3333     0 (exact)
  0.750000  0.6000     0.6210       0.0210      0.6000     0 (exact)
  0.900000  0.8182     0.7581       0.0601      0.8182     0 (exact)
  1.000000  1.0000     1.0000    0 (exact)      1.0000     0 (exact)

======================================================================
  Table 5: Piccard Accuracy Across Similarity Levels
======================================================================
   Overlap    k   m  J_true  J_hat (avg)  Avg Error
---------------------------------------------------
  0.000000  128  32  0.0000       0.0000  0 (exact)
  0.100000  128  32  0.0526       0.0887     0.0361
  0.250000  128  32  0.1429       0.1532     0.0104
  0.500000  128  32  0.3333       0.3468     0.0134
  0.750000  128  32  0.6000       0.6694     0.0694
  0.900000  128  32  0.8182       0.8306     0.0125
  1.000000  128  32  1.0000       1.0000  0 (exact)

  Saved 5 table files to /Users/heewonchung/Documents/00-Research/active/Private Jaccard with FHE/Dev/results/2026-02-27_112519_paper/
    table1_piccard_timing.txt
    table2_comparison_universe.txt
    table3_comparison_setsize.txt
    table4_accuracy.txt
    table5_piccard_accuracy.txt


  Summary saved: /Users/heewonchung/Documents/00-Research/active/Private Jaccard with FHE/Dev/results/2026-02-27_112519_paper/summary.txt
