Benchmark Configuration:
  k:         128
  m:         32
  Set size:  100
  Trials:    2
  Mode:      timing
  Security:  TOY

=== Varying k (median of 2 trials) ===
  k=64 N=2048 time=8.01892ms (mul=1.70883 rot=4.27702) ct=66403B J_hat=0.274194 err=0.0591398
  k=128 N=4096 time=12.0261ms (mul=2.19275 rot=6.43981) ct=131939B J_hat=0.346774 err=0.0134409
  k=256 N=8192 time=19.4741ms (mul=3.00275 rot=10.4614) ct=263011B J_hat=0.346774 err=0.0134409
  k=512 N=16384 time=36.0283ms (mul=5.13304 rot=19.0289) ct=525155B J_hat=0.306452 err=0.0268817
  k=1024 N=32768 time=69.9324ms (mul=8.79113 rot=37.5388) ct=1049443B J_hat=0.3125 err=0.0208333

=== Varying m (median of 2 trials) ===
  m=16 N=2048 time=7.79275ms (mul=1.65165 rot=4.13069) ct=66403B err=0
  m=32 N=4096 time=11.722ms (mul=2.18542 rot=6.23233) ct=131939B err=0.0134409
  m=64 N=8192 time=19.9055ms (mul=3.28679 rot=10.6222) ct=263011B err=0
  m=128 N=16384 time=35.7711ms (mul=5.1589 rot=19.0498) ct=525155B err=0.00262467
  m=256 N=32768 time=68.5923ms (mul=8.74048 rot=37.4853) ct=1049443B err=0.00784314

=== Varying set size (median of 2 trials) ===
  size=1000 time=13.2558ms (minhash=0.555271 enc=3.1841 mul=2.26677 rot=6.72271) err=0.0134409
  size=10000 time=16.6775ms (minhash=5.10125 enc=3.04406 mul=2.0814 rot=6.23413) err=0.0537634
  size=50000 time=36.078ms (minhash=24.5152 enc=3.13925 mul=2.06633 rot=6.15942) err=0.0134409
  size=100000 time=60.0947ms (minhash=48.903 enc=3.01898 mul=2.08877 rot=5.88615) err=0.110215
  size=500000 time=255.686ms (minhash=244.44 enc=3.05642 mul=2.03967 rot=5.95285) err=0.00537634
  size=1000000 time=510.928ms (minhash=497.715 enc=3.2576 mul=2.34323 rot=7.378) err=0.0134409

=== ZLG+24 comparison ===
  (No reference data configured. Fill kZLG24Data with published numbers from ZLG+24.)
